d:\programming\victors baby\322217175_332294891\ai_final_project\smartwarfare\debug\vc143.pdb
d:\programming\victors baby\322217175_332294891\ai_final_project\smartwarfare\debug\vc143.idb
d:\programming\victors baby\322217175_332294891\ai_final_project\smartwarfare\debug\movetotargetstate.obj
d:\programming\victors baby\322217175_332294891\ai_final_project\smartwarfare\debug\medicnpc.obj
d:\programming\victors baby\322217175_332294891\ai_final_project\smartwarfare\debug\map.obj
d:\programming\victors baby\322217175_332294891\ai_final_project\smartwarfare\debug\main.obj
d:\programming\victors baby\322217175_332294891\ai_final_project\smartwarfare\debug\supplynpc.obj
d:\programming\victors baby\322217175_332294891\ai_final_project\smartwarfare\debug\idlestate.obj
d:\programming\victors baby\322217175_332294891\ai_final_project\smartwarfare\debug\grenade.obj
d:\programming\victors baby\322217175_332294891\ai_final_project\smartwarfare\debug\gotowarrior.obj
d:\programming\victors baby\322217175_332294891\ai_final_project\smartwarfare\debug\gototarget.obj
d:\programming\victors baby\322217175_332294891\ai_final_project\smartwarfare\debug\gotomedicine.obj
d:\programming\victors baby\322217175_332294891\ai_final_project\smartwarfare\debug\gotodefensestate.obj
d:\programming\victors baby\322217175_332294891\ai_final_project\smartwarfare\debug\gotoarmory.obj
d:\programming\victors baby\322217175_332294891\ai_final_project\smartwarfare\debug\givemedicine.obj
d:\programming\victors baby\322217175_332294891\ai_final_project\smartwarfare\debug\giveammo.obj
d:\programming\victors baby\322217175_332294891\ai_final_project\smartwarfare\debug\fillmedicine.obj
d:\programming\victors baby\322217175_332294891\ai_final_project\smartwarfare\debug\fillammo.obj
d:\programming\victors baby\322217175_332294891\ai_final_project\smartwarfare\debug\bullet.obj
d:\programming\victors baby\322217175_332294891\ai_final_project\smartwarfare\debug\bfs.obj
d:\programming\victors baby\322217175_332294891\ai_final_project\smartwarfare\debug\attackstate.obj
d:\programming\victors baby\322217175_332294891\ai_final_project\smartwarfare\debug\astar.obj
d:\programming\victors baby\322217175_332294891\ai_final_project\smartwarfare\debug\warriornpc.obj
d:\programming\victors baby\322217175_332294891\ai_final_project\smartwarfare\debug\state.obj
d:\programming\victors baby\322217175_332294891\ai_final_project\smartwarfare\debug\securitymap.obj
d:\programming\victors baby\322217175_332294891\ai_final_project\smartwarfare\debug\npc.obj
d:\programming\victors baby\322217175_332294891\ai_final_project\debug\smartwarfare.exe
d:\programming\victors baby\322217175_332294891\ai_final_project\debug\smartwarfare.pdb
d:\programming\victors baby\322217175_332294891\ai_final_project\smartwarfare\debug\smartwarfare.ilk
d:\programming\victors baby\322217175_332294891\ai_final_project\smartwarfare\debug\smartwarfare.tlog\cl.command.1.tlog
d:\programming\victors baby\322217175_332294891\ai_final_project\smartwarfare\debug\smartwarfare.tlog\cl.items.tlog
d:\programming\victors baby\322217175_332294891\ai_final_project\smartwarfare\debug\smartwarfare.tlog\cl.read.1.tlog
d:\programming\victors baby\322217175_332294891\ai_final_project\smartwarfare\debug\smartwarfare.tlog\cl.write.1.tlog
d:\programming\victors baby\322217175_332294891\ai_final_project\smartwarfare\debug\smartwarfare.tlog\link.command.1.tlog
d:\programming\victors baby\322217175_332294891\ai_final_project\smartwarfare\debug\smartwarfare.tlog\link.read.1.tlog
d:\programming\victors baby\322217175_332294891\ai_final_project\smartwarfare\debug\smartwarfare.tlog\link.secondary.1.tlog
d:\programming\victors baby\322217175_332294891\ai_final_project\smartwarfare\debug\smartwarfare.tlog\link.write.1.tlog
