d:\programming\game creation\322217175_332294891\example\graphics\debug\vc143.pdb
d:\programming\game creation\322217175_332294891\example\graphics\debug\vc143.idb
d:\programming\game creation\322217175_332294891\example\graphics\debug\movetotargetstate.obj
d:\programming\game creation\322217175_332294891\example\graphics\debug\medicnpc.obj
d:\programming\game creation\322217175_332294891\example\graphics\debug\map.obj
d:\programming\game creation\322217175_332294891\example\graphics\debug\main.obj
d:\programming\game creation\322217175_332294891\example\graphics\debug\supplynpc.obj
d:\programming\game creation\322217175_332294891\example\graphics\debug\idlestate.obj
d:\programming\game creation\322217175_332294891\example\graphics\debug\grenade.obj
d:\programming\game creation\322217175_332294891\example\graphics\debug\gotowarrior.obj
d:\programming\game creation\322217175_332294891\example\graphics\debug\gototarget.obj
d:\programming\game creation\322217175_332294891\example\graphics\debug\gotomedicine.obj
d:\programming\game creation\322217175_332294891\example\graphics\debug\gotodefensestate.obj
d:\programming\game creation\322217175_332294891\example\graphics\debug\gotoarmory.obj
d:\programming\game creation\322217175_332294891\example\graphics\debug\givemedicine.obj
d:\programming\game creation\322217175_332294891\example\graphics\debug\giveammo.obj
d:\programming\game creation\322217175_332294891\example\graphics\debug\fillmedicine.obj
d:\programming\game creation\322217175_332294891\example\graphics\debug\fillammo.obj
d:\programming\game creation\322217175_332294891\example\graphics\debug\bullet.obj
d:\programming\game creation\322217175_332294891\example\graphics\debug\bfs.obj
d:\programming\game creation\322217175_332294891\example\graphics\debug\attackstate.obj
d:\programming\game creation\322217175_332294891\example\graphics\debug\astar.obj
d:\programming\game creation\322217175_332294891\example\graphics\debug\warriornpc.obj
d:\programming\game creation\322217175_332294891\example\graphics\debug\state.obj
d:\programming\game creation\322217175_332294891\example\graphics\debug\securitymap.obj
d:\programming\game creation\322217175_332294891\example\graphics\debug\npc.obj
d:\programming\game creation\322217175_332294891\example\debug\graphics.exe
d:\programming\game creation\322217175_332294891\example\debug\graphics.pdb
d:\programming\game creation\322217175_332294891\example\graphics\debug\graphics.ilk
d:\programming\game creation\322217175_332294891\example\graphics\debug\commandernpc.obj
d:\programming\game creation\322217175_332294891\example\graphics\debug\logisticnpc.obj
d:\programming\game creation\322217175_332294891\example\graphics\debug\graphics.tlog\cl.command.1.tlog
d:\programming\game creation\322217175_332294891\example\graphics\debug\graphics.tlog\cl.items.tlog
d:\programming\game creation\322217175_332294891\example\graphics\debug\graphics.tlog\cl.read.1.tlog
d:\programming\game creation\322217175_332294891\example\graphics\debug\graphics.tlog\cl.write.1.tlog
d:\programming\game creation\322217175_332294891\example\graphics\debug\graphics.tlog\link.command.1.tlog
d:\programming\game creation\322217175_332294891\example\graphics\debug\graphics.tlog\link.read.1.tlog
d:\programming\game creation\322217175_332294891\example\graphics\debug\graphics.tlog\link.secondary.1.tlog
d:\programming\game creation\322217175_332294891\example\graphics\debug\graphics.tlog\link.write.1.tlog
