  AStar.cpp
  AttackState.cpp
  BFS.cpp
  Bullet.cpp
  FillAmmo.cpp
D:\Programming\Victors baby\322217175_332294891\example\Graphics\SupplyNPC.h(17,1): error C2059: syntax error: '<<'
  (compiling source file 'FillAmmo.cpp')
  
D:\Programming\Victors baby\322217175_332294891\example\Graphics\SupplyNPC.h(18,41): error C2238: unexpected token(s) preceding ';'
  (compiling source file 'FillAmmo.cpp')
  
D:\Programming\Victors baby\322217175_332294891\example\Graphics\SupplyNPC.h(19,1): error C2059: syntax error: '=='
  (compiling source file 'FillAmmo.cpp')
  
D:\Programming\Victors baby\322217175_332294891\example\Graphics\SupplyNPC.h(20,34): error C2238: unexpected token(s) preceding ';'
  (compiling source file 'FillAmmo.cpp')
  
D:\Programming\Victors baby\322217175_332294891\example\Graphics\SupplyNPC.h(21,1): error C2059: syntax error: '>>'
  (compiling source file 'FillAmmo.cpp')
  
D:\Programming\Victors baby\322217175_332294891\example\Graphics\SupplyNPC.h(23,7): error C2334: unexpected token(s) preceding ':'; skipping apparent function body
  (compiling source file 'FillAmmo.cpp')
  
D:\Programming\Victors baby\322217175_332294891\example\Graphics\FillAmmo.cpp(5,16): error C3254: 'SupplyNPC': class contains explicit override 'OnEnter' but does not derive from an interface that contains the function declaration
D:\Programming\Victors baby\322217175_332294891\example\Graphics\FillAmmo.cpp(5,16): error C2838: 'OnEnter': illegal qualified name in member declaration
D:\Programming\Victors baby\322217175_332294891\example\Graphics\FillAmmo.cpp(11,16): error C3254: 'SupplyNPC': class contains explicit override 'Transition' but does not derive from an interface that contains the function declaration
D:\Programming\Victors baby\322217175_332294891\example\Graphics\FillAmmo.cpp(11,16): error C2838: 'Transition': illegal qualified name in member declaration
D:\Programming\Victors baby\322217175_332294891\example\Graphics\FillAmmo.cpp(17,16): error C3254: 'SupplyNPC': class contains explicit override 'OnExit' but does not derive from an interface that contains the function declaration
D:\Programming\Victors baby\322217175_332294891\example\Graphics\FillAmmo.cpp(17,16): error C2838: 'OnExit': illegal qualified name in member declaration
D:\Programming\Victors baby\322217175_332294891\example\Graphics\FillAmmo.cpp(22,1): error C1004: unexpected end-of-file found
  FillMedicine.cpp
  GiveAmmo.cpp
D:\Programming\Victors baby\322217175_332294891\example\Graphics\SupplyNPC.h(17,1): error C2059: syntax error: '<<'
  (compiling source file 'GiveAmmo.cpp')
  
D:\Programming\Victors baby\322217175_332294891\example\Graphics\SupplyNPC.h(18,41): error C2238: unexpected token(s) preceding ';'
  (compiling source file 'GiveAmmo.cpp')
  
D:\Programming\Victors baby\322217175_332294891\example\Graphics\SupplyNPC.h(19,1): error C2059: syntax error: '=='
  (compiling source file 'GiveAmmo.cpp')
  
D:\Programming\Victors baby\322217175_332294891\example\Graphics\SupplyNPC.h(20,34): error C2238: unexpected token(s) preceding ';'
  (compiling source file 'GiveAmmo.cpp')
  
D:\Programming\Victors baby\322217175_332294891\example\Graphics\SupplyNPC.h(21,1): error C2059: syntax error: '>>'
  (compiling source file 'GiveAmmo.cpp')
  
D:\Programming\Victors baby\322217175_332294891\example\Graphics\SupplyNPC.h(23,7): error C2334: unexpected token(s) preceding ':'; skipping apparent function body
  (compiling source file 'GiveAmmo.cpp')
  
D:\Programming\Victors baby\322217175_332294891\example\Graphics\GiveAmmo.cpp(7,16): error C3254: 'SupplyNPC': class contains explicit override 'OnEnter' but does not derive from an interface that contains the function declaration
D:\Programming\Victors baby\322217175_332294891\example\Graphics\GiveAmmo.cpp(7,16): error C2838: 'OnEnter': illegal qualified name in member declaration
D:\Programming\Victors baby\322217175_332294891\example\Graphics\GiveAmmo.cpp(13,16): error C3254: 'SupplyNPC': class contains explicit override 'Transition' but does not derive from an interface that contains the function declaration
D:\Programming\Victors baby\322217175_332294891\example\Graphics\GiveAmmo.cpp(13,16): error C2838: 'Transition': illegal qualified name in member declaration
D:\Programming\Victors baby\322217175_332294891\example\Graphics\GiveAmmo.cpp(19,16): error C3254: 'SupplyNPC': class contains explicit override 'OnExit' but does not derive from an interface that contains the function declaration
D:\Programming\Victors baby\322217175_332294891\example\Graphics\GiveAmmo.cpp(19,16): error C2838: 'OnExit': illegal qualified name in member declaration
D:\Programming\Victors baby\322217175_332294891\example\Graphics\GiveAmmo.cpp(25,1): error C1004: unexpected end-of-file found
  GiveMedicine.cpp
  GoToArmory.cpp
  GoToDefenseState.cpp
  GoToMedicine.cpp
  GoToTarget.cpp
  GoToWarrior.cpp
D:\Programming\Victors baby\322217175_332294891\example\Graphics\SupplyNPC.h(17,1): error C2059: syntax error: '<<'
  (compiling source file 'GoToWarrior.cpp')
  
D:\Programming\Victors baby\322217175_332294891\example\Graphics\SupplyNPC.h(18,41): error C2238: unexpected token(s) preceding ';'
  (compiling source file 'GoToWarrior.cpp')
  
D:\Programming\Victors baby\322217175_332294891\example\Graphics\SupplyNPC.h(19,1): error C2059: syntax error: '=='
  (compiling source file 'GoToWarrior.cpp')
  
D:\Programming\Victors baby\322217175_332294891\example\Graphics\SupplyNPC.h(20,34): error C2238: unexpected token(s) preceding ';'
  (compiling source file 'GoToWarrior.cpp')
  
D:\Programming\Victors baby\322217175_332294891\example\Graphics\SupplyNPC.h(21,1): error C2059: syntax error: '>>'
  (compiling source file 'GoToWarrior.cpp')
  
D:\Programming\Victors baby\322217175_332294891\example\Graphics\SupplyNPC.h(23,7): error C2334: unexpected token(s) preceding ':'; skipping apparent function body
  (compiling source file 'GoToWarrior.cpp')
  
D:\Programming\Victors baby\322217175_332294891\example\Graphics\GoToWarrior.cpp(8,19): error C3254: 'SupplyNPC': class contains explicit override 'OnEnter' but does not derive from an interface that contains the function declaration
D:\Programming\Victors baby\322217175_332294891\example\Graphics\GoToWarrior.cpp(8,19): error C2838: 'OnEnter': illegal qualified name in member declaration
D:\Programming\Victors baby\322217175_332294891\example\Graphics\GoToWarrior.cpp(51,19): error C3254: 'SupplyNPC': class contains explicit override 'Transition' but does not derive from an interface that contains the function declaration
D:\Programming\Victors baby\322217175_332294891\example\Graphics\GoToWarrior.cpp(51,19): error C2838: 'Transition': illegal qualified name in member declaration
D:\Programming\Victors baby\322217175_332294891\example\Graphics\GoToWarrior.cpp(60,19): error C3254: 'SupplyNPC': class contains explicit override 'OnExit' but does not derive from an interface that contains the function declaration
D:\Programming\Victors baby\322217175_332294891\example\Graphics\GoToWarrior.cpp(60,19): error C2838: 'OnExit': illegal qualified name in member declaration
D:\Programming\Victors baby\322217175_332294891\example\Graphics\GoToWarrior.cpp(61,1): error C1004: unexpected end-of-file found
  Grenade.cpp
  IdleState.cpp
D:\Programming\Victors baby\322217175_332294891\example\Graphics\SupplyNPC.h(17,1): error C2059: syntax error: '<<'
  (compiling source file 'IdleState.cpp')
  
D:\Programming\Victors baby\322217175_332294891\example\Graphics\SupplyNPC.h(18,41): error C2238: unexpected token(s) preceding ';'
  (compiling source file 'IdleState.cpp')
  
D:\Programming\Victors baby\322217175_332294891\example\Graphics\SupplyNPC.h(19,1): error C2059: syntax error: '=='
  (compiling source file 'IdleState.cpp')
  
D:\Programming\Victors baby\322217175_332294891\example\Graphics\SupplyNPC.h(20,34): error C2238: unexpected token(s) preceding ';'
  (compiling source file 'IdleState.cpp')
  
D:\Programming\Victors baby\322217175_332294891\example\Graphics\SupplyNPC.h(21,1): error C2059: syntax error: '>>'
  (compiling source file 'IdleState.cpp')
  
D:\Programming\Victors baby\322217175_332294891\example\Graphics\SupplyNPC.h(23,7): error C2334: unexpected token(s) preceding ':'; skipping apparent function body
  (compiling source file 'IdleState.cpp')
  
D:\Programming\Victors baby\322217175_332294891\example\Graphics\IdleState.cpp(5,17): error C3254: 'SupplyNPC': class contains explicit override 'OnEnter' but does not derive from an interface that contains the function declaration
D:\Programming\Victors baby\322217175_332294891\example\Graphics\IdleState.cpp(5,17): error C2838: 'OnEnter': illegal qualified name in member declaration
D:\Programming\Victors baby\322217175_332294891\example\Graphics\IdleState.cpp(7,17): error C3254: 'SupplyNPC': class contains explicit override 'Transition' but does not derive from an interface that contains the function declaration
D:\Programming\Victors baby\322217175_332294891\example\Graphics\IdleState.cpp(7,17): error C2838: 'Transition': illegal qualified name in member declaration
D:\Programming\Victors baby\322217175_332294891\example\Graphics\IdleState.cpp(9,17): error C3254: 'SupplyNPC': class contains explicit override 'OnExit' but does not derive from an interface that contains the function declaration
D:\Programming\Victors baby\322217175_332294891\example\Graphics\IdleState.cpp(9,17): error C2838: 'OnExit': illegal qualified name in member declaration
D:\Programming\Victors baby\322217175_332294891\example\Graphics\IdleState.cpp(14,1): error C1004: unexpected end-of-file found
  SupplyNPC.cpp
D:\Programming\Victors baby\322217175_332294891\example\Graphics\SupplyNPC.h(17,1): error C2059: syntax error: '<<'
  (compiling source file 'SupplyNPC.cpp')
  
D:\Programming\Victors baby\322217175_332294891\example\Graphics\SupplyNPC.h(18,41): error C2238: unexpected token(s) preceding ';'
  (compiling source file 'SupplyNPC.cpp')
  
D:\Programming\Victors baby\322217175_332294891\example\Graphics\SupplyNPC.h(19,1): error C2059: syntax error: '=='
  (compiling source file 'SupplyNPC.cpp')
  
D:\Programming\Victors baby\322217175_332294891\example\Graphics\SupplyNPC.h(20,34): error C2238: unexpected token(s) preceding ';'
  (compiling source file 'SupplyNPC.cpp')
  
D:\Programming\Victors baby\322217175_332294891\example\Graphics\SupplyNPC.h(21,1): error C2059: syntax error: '>>'
  (compiling source file 'SupplyNPC.cpp')
  
D:\Programming\Victors baby\322217175_332294891\example\Graphics\SupplyNPC.h(23,7): error C2334: unexpected token(s) preceding ':'; skipping apparent function body
  (compiling source file 'SupplyNPC.cpp')
  
D:\Programming\Victors baby\322217175_332294891\example\Graphics\GoToDefenseState.h(9,10): error C3668: 'SupplyNPC::GoToDefenseState::OnEnter': method with override specifier 'override' did not override any base class methods
  (compiling source file 'SupplyNPC.cpp')
  
D:\Programming\Victors baby\322217175_332294891\example\Graphics\GoToDefenseState.h(10,10): error C3668: 'SupplyNPC::GoToDefenseState::Transition': method with override specifier 'override' did not override any base class methods
  (compiling source file 'SupplyNPC.cpp')
  
D:\Programming\Victors baby\322217175_332294891\example\Graphics\GoToDefenseState.h(11,10): error C3668: 'SupplyNPC::GoToDefenseState::OnExit': method with override specifier 'override' did not override any base class methods
  (compiling source file 'SupplyNPC.cpp')
  
D:\Programming\Victors baby\322217175_332294891\example\Graphics\Map.h(7,12): error C2071: 'SupplyNPC::map': illegal storage class
  (compiling source file 'SupplyNPC.cpp')
  
D:\Programming\Victors baby\322217175_332294891\example\Graphics\Map.h(17,13): error C2071: 'SupplyNPC::rooms': illegal storage class
  (compiling source file 'SupplyNPC.cpp')
  
D:\Programming\Victors baby\322217175_332294891\example\Graphics\Map.h(18,12): error C2071: 'SupplyNPC::numRooms': illegal storage class
  (compiling source file 'SupplyNPC.cpp')
  
D:\Programming\Victors baby\322217175_332294891\example\Graphics\Map.h(19,12): error C2071: 'SupplyNPC::roomId': illegal storage class
  (compiling source file 'SupplyNPC.cpp')
  
D:\Programming\Victors baby\322217175_332294891\example\Graphics\Map.h(22,12): error C2071: 'SupplyNPC::numArmories': illegal storage class
  (compiling source file 'SupplyNPC.cpp')
  
D:\Programming\Victors baby\322217175_332294891\example\Graphics\Map.h(23,12): error C2071: 'SupplyNPC::numMedicine': illegal storage class
  (compiling source file 'SupplyNPC.cpp')
  
D:\Programming\Victors baby\322217175_332294891\example\Graphics\Map.h(24,12): error C2071: 'SupplyNPC::armoryX': illegal storage class
  (compiling source file 'SupplyNPC.cpp')
  
D:\Programming\Victors baby\322217175_332294891\example\Graphics\Map.h(24,33): error C2071: 'SupplyNPC::armoryY': illegal storage class
  (compiling source file 'SupplyNPC.cpp')
  
D:\Programming\Victors baby\322217175_332294891\example\Graphics\Map.h(25,12): error C2071: 'SupplyNPC::medicineX': illegal storage class
  (compiling source file 'SupplyNPC.cpp')
  
D:\Programming\Victors baby\322217175_332294891\example\Graphics\Map.h(25,35): error C2071: 'SupplyNPC::medicineY': illegal storage class
  (compiling source file 'SupplyNPC.cpp')
  
C:\Program Files\Microsoft Visual Studio\18\Community\VC\Tools\MSVC\14.44.35207\include\cmath(557,1): error C2059: syntax error: 'namespace'
  (compiling source file 'SupplyNPC.cpp')
  
C:\Program Files\Microsoft Visual Studio\18\Community\VC\Tools\MSVC\14.44.35207\include\cmath(557,1): error C2334: unexpected token(s) preceding '{'; skipping apparent function body
  (compiling source file 'SupplyNPC.cpp')
  
C:\Program Files\Microsoft Visual Studio\18\Community\VC\Tools\MSVC\14.44.35207\include\cmath(572,17): error C2039: '_Common_float_type_t': is not a member of 'std'
  (compiling source file 'SupplyNPC.cpp')
      C:\Program Files\Microsoft Visual Studio\18\Community\VC\Tools\MSVC\14.44.35207\include\vector(29,1):
      see declaration of 'std'
  
C:\Program Files\Microsoft Visual Studio\18\Community\VC\Tools\MSVC\14.44.35207\include\cmath(572,37): error C2988: unrecognizable template declaration/definition
  (compiling source file 'SupplyNPC.cpp')
  
C:\Program Files\Microsoft Visual Studio\18\Community\VC\Tools\MSVC\14.44.35207\include\cmath(572,37): error C2143: syntax error: missing ';' before '<'
  (compiling source file 'SupplyNPC.cpp')
  
C:\Program Files\Microsoft Visual Studio\18\Community\VC\Tools\MSVC\14.44.35207\include\cmath(572,1): error C2238: unexpected token(s) preceding ';'
  (compiling source file 'SupplyNPC.cpp')
  
C:\Program Files\Microsoft Visual Studio\18\Community\VC\Tools\MSVC\14.44.35207\include\cmath(572,37): error C2059: syntax error: '<'
  (compiling source file 'SupplyNPC.cpp')
  
C:\Program Files\Microsoft Visual Studio\18\Community\VC\Tools\MSVC\14.44.35207\include\cmath(572,49): error C2039: '_Common_float_type_t': is not a member of 'std'
  (compiling source file 'SupplyNPC.cpp')
      C:\Program Files\Microsoft Visual Studio\18\Community\VC\Tools\MSVC\14.44.35207\include\vector(29,1):
      see declaration of 'std'
  
C:\Program Files\Microsoft Visual Studio\18\Community\VC\Tools\MSVC\14.44.35207\include\cmath(573,72): error C2334: unexpected token(s) preceding '{'; skipping apparent function body
  (compiling source file 'SupplyNPC.cpp')
  
C:\Program Files\Microsoft Visual Studio\18\Community\VC\Tools\MSVC\14.44.35207\include\cmath(585,6): error C2039: '_Common_float_type_t': is not a member of 'std'
  (compiling source file 'SupplyNPC.cpp')
      C:\Program Files\Microsoft Visual Studio\18\Community\VC\Tools\MSVC\14.44.35207\include\vector(29,1):
      see declaration of 'std'
  
C:\Program Files\Microsoft Visual Studio\18\Community\VC\Tools\MSVC\14.44.35207\include\cmath(585,26): error C2988: unrecognizable template declaration/definition
  (compiling source file 'SupplyNPC.cpp')
  
C:\Program Files\Microsoft Visual Studio\18\Community\VC\Tools\MSVC\14.44.35207\include\cmath(585,26): error C2143: syntax error: missing ';' before '<'
  (compiling source file 'SupplyNPC.cpp')
  
C:\Program Files\Microsoft Visual Studio\18\Community\VC\Tools\MSVC\14.44.35207\include\cmath(585,1): error C2238: unexpected token(s) preceding ';'
  (compiling source file 'SupplyNPC.cpp')
  
C:\Program Files\Microsoft Visual Studio\18\Community\VC\Tools\MSVC\14.44.35207\include\cmath(585,26): error C2059: syntax error: '<'
  (compiling source file 'SupplyNPC.cpp')
  
C:\Program Files\Microsoft Visual Studio\18\Community\VC\Tools\MSVC\14.44.35207\include\cmath(585,111): error C2334: unexpected token(s) preceding '{'; skipping apparent function body
  (compiling source file 'SupplyNPC.cpp')
  
C:\Program Files\Microsoft Visual Studio\18\Community\VC\Tools\MSVC\14.44.35207\include\cmath(836,1): error C2039: '_Common_float_type_t': is not a member of 'std'
  (compiling source file 'SupplyNPC.cpp')
      C:\Program Files\Microsoft Visual Studio\18\Community\VC\Tools\MSVC\14.44.35207\include\vector(29,1):
      see declaration of 'std'
  
C:\Program Files\Microsoft Visual Studio\18\Community\VC\Tools\MSVC\14.44.35207\include\cmath(836,1): error C2988: unrecognizable template declaration/definition
  (compiling source file 'SupplyNPC.cpp')
  
C:\Program Files\Microsoft Visual Studio\18\Community\VC\Tools\MSVC\14.44.35207\include\cmath(836,1): error C2143: syntax error: missing ';' before '<'
  (compiling source file 'SupplyNPC.cpp')
  
C:\Program Files\Microsoft Visual Studio\18\Community\VC\Tools\MSVC\14.44.35207\include\cmath(836,1): error C2238: unexpected token(s) preceding ';'
  (compiling source file 'SupplyNPC.cpp')
  
C:\Program Files\Microsoft Visual Studio\18\Community\VC\Tools\MSVC\14.44.35207\include\cmath(836,1): error C2059: syntax error: '<'
  (compiling source file 'SupplyNPC.cpp')
  
C:\Program Files\Microsoft Visual Studio\18\Community\VC\Tools\MSVC\14.44.35207\include\cmath(836,1): error C2334: unexpected token(s) preceding '{'; skipping apparent function body
  (compiling source file 'SupplyNPC.cpp')
  
C:\Program Files\Microsoft Visual Studio\18\Community\VC\Tools\MSVC\14.44.35207\include\cmath(863,1): error C2039: '_Common_float_type_t': is not a member of 'std'
  (compiling source file 'SupplyNPC.cpp')
      C:\Program Files\Microsoft Visual Studio\18\Community\VC\Tools\MSVC\14.44.35207\include\vector(29,1):
      see declaration of 'std'
  
C:\Program Files\Microsoft Visual Studio\18\Community\VC\Tools\MSVC\14.44.35207\include\cmath(863,1): error C2988: unrecognizable template declaration/definition
  (compiling source file 'SupplyNPC.cpp')
  
C:\Program Files\Microsoft Visual Studio\18\Community\VC\Tools\MSVC\14.44.35207\include\cmath(863,1): error C2143: syntax error: missing ';' before '<'
  (compiling source file 'SupplyNPC.cpp')
  
C:\Program Files\Microsoft Visual Studio\18\Community\VC\Tools\MSVC\14.44.35207\include\cmath(863,1): error C2238: unexpected token(s) preceding ';'
  (compiling source file 'SupplyNPC.cpp')
  
C:\Program Files\Microsoft Visual Studio\18\Community\VC\Tools\MSVC\14.44.35207\include\cmath(863,1): error C2059: syntax error: '<'
  (compiling source file 'SupplyNPC.cpp')
  
C:\Program Files\Microsoft Visual Studio\18\Community\VC\Tools\MSVC\14.44.35207\include\cmath(863,1): error C2334: unexpected token(s) preceding '{'; skipping apparent function body
  (compiling source file 'SupplyNPC.cpp')
  
C:\Program Files\Microsoft Visual Studio\18\Community\VC\Tools\MSVC\14.44.35207\include\cmath(865,1): error C2039: '_Common_float_type_t': is not a member of 'std'
  (compiling source file 'SupplyNPC.cpp')
      C:\Program Files\Microsoft Visual Studio\18\Community\VC\Tools\MSVC\14.44.35207\include\vector(29,1):
      see declaration of 'std'
  
C:\Program Files\Microsoft Visual Studio\18\Community\VC\Tools\MSVC\14.44.35207\include\cmath(865,1): error C2988: unrecognizable template declaration/definition
  (compiling source file 'SupplyNPC.cpp')
  
C:\Program Files\Microsoft Visual Studio\18\Community\VC\Tools\MSVC\14.44.35207\include\cmath(865,1): error C2143: syntax error: missing ';' before '<'
  (compiling source file 'SupplyNPC.cpp')
  
C:\Program Files\Microsoft Visual Studio\18\Community\VC\Tools\MSVC\14.44.35207\include\cmath(865,1): error C2238: unexpected token(s) preceding ';'
  (compiling source file 'SupplyNPC.cpp')
  
C:\Program Files\Microsoft Visual Studio\18\Community\VC\Tools\MSVC\14.44.35207\include\cmath(865,1): error C2059: syntax error: '<'
  (compiling source file 'SupplyNPC.cpp')
  
C:\Program Files\Microsoft Visual Studio\18\Community\VC\Tools\MSVC\14.44.35207\include\cmath(865,1): error C2334: unexpected token(s) preceding '{'; skipping apparent function body
  (compiling source file 'SupplyNPC.cpp')
  
C:\Program Files\Microsoft Visual Studio\18\Community\VC\Tools\MSVC\14.44.35207\include\cmath(881,1): error C2039: '_Common_float_type_t': is not a member of 'std'
  (compiling source file 'SupplyNPC.cpp')
      C:\Program Files\Microsoft Visual Studio\18\Community\VC\Tools\MSVC\14.44.35207\include\vector(29,1):
      see declaration of 'std'
  
C:\Program Files\Microsoft Visual Studio\18\Community\VC\Tools\MSVC\14.44.35207\include\cmath(881,1): error C2988: unrecognizable template declaration/definition
  (compiling source file 'SupplyNPC.cpp')
  
C:\Program Files\Microsoft Visual Studio\18\Community\VC\Tools\MSVC\14.44.35207\include\cmath(881,1): error C2143: syntax error: missing ';' before '<'
  (compiling source file 'SupplyNPC.cpp')
  
C:\Program Files\Microsoft Visual Studio\18\Community\VC\Tools\MSVC\14.44.35207\include\cmath(881,1): error C2238: unexpected token(s) preceding ';'
  (compiling source file 'SupplyNPC.cpp')
  
C:\Program Files\Microsoft Visual Studio\18\Community\VC\Tools\MSVC\14.44.35207\include\cmath(881,1): error C2059: syntax error: '<'
  (compiling source file 'SupplyNPC.cpp')
  
C:\Program Files\Microsoft Visual Studio\18\Community\VC\Tools\MSVC\14.44.35207\include\cmath(881,1): error C2334: unexpected token(s) preceding '{'; skipping apparent function body
  (compiling source file 'SupplyNPC.cpp')
  
C:\Program Files\Microsoft Visual Studio\18\Community\VC\Tools\MSVC\14.44.35207\include\cmath(882,1): error C2039: '_Common_float_type_t': is not a member of 'std'
  (compiling source file 'SupplyNPC.cpp')
      C:\Program Files\Microsoft Visual Studio\18\Community\VC\Tools\MSVC\14.44.35207\include\vector(29,1):
      see declaration of 'std'
  
C:\Program Files\Microsoft Visual Studio\18\Community\VC\Tools\MSVC\14.44.35207\include\cmath(882,1): error C2988: unrecognizable template declaration/definition
  (compiling source file 'SupplyNPC.cpp')
  
C:\Program Files\Microsoft Visual Studio\18\Community\VC\Tools\MSVC\14.44.35207\include\cmath(882,1): error C2143: syntax error: missing ';' before '<'
  (compiling source file 'SupplyNPC.cpp')
  
C:\Program Files\Microsoft Visual Studio\18\Community\VC\Tools\MSVC\14.44.35207\include\cmath(882,1): error C2238: unexpected token(s) preceding ';'
  (compiling source file 'SupplyNPC.cpp')
  
C:\Program Files\Microsoft Visual Studio\18\Community\VC\Tools\MSVC\14.44.35207\include\cmath(882,1): error C2059: syntax error: '<'
  (compiling source file 'SupplyNPC.cpp')
  
C:\Program Files\Microsoft Visual Studio\18\Community\VC\Tools\MSVC\14.44.35207\include\cmath(882,1): error C2334: unexpected token(s) preceding '{'; skipping apparent function body
  (compiling source file 'SupplyNPC.cpp')
  
C:\Program Files\Microsoft Visual Studio\18\Community\VC\Tools\MSVC\14.44.35207\include\cmath(884,1): error C2039: '_Common_float_type_t': is not a member of 'std'
  (compiling source file 'SupplyNPC.cpp')
      C:\Program Files\Microsoft Visual Studio\18\Community\VC\Tools\MSVC\14.44.35207\include\vector(29,1):
      see declaration of 'std'
  
C:\Program Files\Microsoft Visual Studio\18\Community\VC\Tools\MSVC\14.44.35207\include\cmath(884,1): error C2988: unrecognizable template declaration/definition
  (compiling source file 'SupplyNPC.cpp')
  
C:\Program Files\Microsoft Visual Studio\18\Community\VC\Tools\MSVC\14.44.35207\include\cmath(884,1): error C2143: syntax error: missing ';' before '<'
  (compiling source file 'SupplyNPC.cpp')
  
C:\Program Files\Microsoft Visual Studio\18\Community\VC\Tools\MSVC\14.44.35207\include\cmath(884,1): error C2238: unexpected token(s) preceding ';'
  (compiling source file 'SupplyNPC.cpp')
  
C:\Program Files\Microsoft Visual Studio\18\Community\VC\Tools\MSVC\14.44.35207\include\cmath(884,1): error C2059: syntax error: '<'
  (compiling source file 'SupplyNPC.cpp')
  
C:\Program Files\Microsoft Visual Studio\18\Community\VC\Tools\MSVC\14.44.35207\include\cmath(884,1): error C2334: unexpected token(s) preceding '{'; skipping apparent function body
  (compiling source file 'SupplyNPC.cpp')
  
C:\Program Files\Microsoft Visual Studio\18\Community\VC\Tools\MSVC\14.44.35207\include\cmath(886,1): error C2039: '_Common_float_type_t': is not a member of 'std'
  (compiling source file 'SupplyNPC.cpp')
      C:\Program Files\Microsoft Visual Studio\18\Community\VC\Tools\MSVC\14.44.35207\include\vector(29,1):
      see declaration of 'std'
  
C:\Program Files\Microsoft Visual Studio\18\Community\VC\Tools\MSVC\14.44.35207\include\cmath(886,1): error C2988: unrecognizable template declaration/definition
  (compiling source file 'SupplyNPC.cpp')
  
C:\Program Files\Microsoft Visual Studio\18\Community\VC\Tools\MSVC\14.44.35207\include\cmath(886,1): error C2143: syntax error: missing ';' before '<'
  (compiling source file 'SupplyNPC.cpp')
  
C:\Program Files\Microsoft Visual Studio\18\Community\VC\Tools\MSVC\14.44.35207\include\cmath(886,1): error C2238: unexpected token(s) preceding ';'
  (compiling source file 'SupplyNPC.cpp')
  
C:\Program Files\Microsoft Visual Studio\18\Community\VC\Tools\MSVC\14.44.35207\include\cmath(886,1): error C2059: syntax error: '<'
  (compiling source file 'SupplyNPC.cpp')
  
C:\Program Files\Microsoft Visual Studio\18\Community\VC\Tools\MSVC\14.44.35207\include\cmath(886,1): error C2334: unexpected token(s) preceding '{'; skipping apparent function body
  (compiling source file 'SupplyNPC.cpp')
  
C:\Program Files\Microsoft Visual Studio\18\Community\VC\Tools\MSVC\14.44.35207\include\cmath(888,1): error C2039: '_Common_float_type_t': is not a member of 'std'
  (compiling source file 'SupplyNPC.cpp')
      C:\Program Files\Microsoft Visual Studio\18\Community\VC\Tools\MSVC\14.44.35207\include\vector(29,1):
      see declaration of 'std'
  
C:\Program Files\Microsoft Visual Studio\18\Community\VC\Tools\MSVC\14.44.35207\include\cmath(888,1): error C2988: unrecognizable template declaration/definition
  (compiling source file 'SupplyNPC.cpp')
  
C:\Program Files\Microsoft Visual Studio\18\Community\VC\Tools\MSVC\14.44.35207\include\cmath(888,1): error C2143: syntax error: missing ';' before '<'
  (compiling source file 'SupplyNPC.cpp')
  
C:\Program Files\Microsoft Visual Studio\18\Community\VC\Tools\MSVC\14.44.35207\include\cmath(888,1): error C2238: unexpected token(s) preceding ';'
  (compiling source file 'SupplyNPC.cpp')
  
C:\Program Files\Microsoft Visual Studio\18\Community\VC\Tools\MSVC\14.44.35207\include\cmath(888,1): error C2059: syntax error: '<'
  (compiling source file 'SupplyNPC.cpp')
  
C:\Program Files\Microsoft Visual Studio\18\Community\VC\Tools\MSVC\14.44.35207\include\cmath(888,1): error C2334: unexpected token(s) preceding '{'; skipping apparent function body
  (compiling source file 'SupplyNPC.cpp')
  
C:\Program Files\Microsoft Visual Studio\18\Community\VC\Tools\MSVC\14.44.35207\include\cmath(889,1): error C2039: '_Common_float_type_t': is not a member of 'std'
  (compiling source file 'SupplyNPC.cpp')
      C:\Program Files\Microsoft Visual Studio\18\Community\VC\Tools\MSVC\14.44.35207\include\vector(29,1):
      see declaration of 'std'
  
C:\Program Files\Microsoft Visual Studio\18\Community\VC\Tools\MSVC\14.44.35207\include\cmath(889,1): error C2988: unrecognizable template declaration/definition
  (compiling source file 'SupplyNPC.cpp')
  
C:\Program Files\Microsoft Visual Studio\18\Community\VC\Tools\MSVC\14.44.35207\include\cmath(889,1): error C2143: syntax error: missing ';' before '<'
  (compiling source file 'SupplyNPC.cpp')
  
C:\Program Files\Microsoft Visual Studio\18\Community\VC\Tools\MSVC\14.44.35207\include\cmath(889,1): error C2238: unexpected token(s) preceding ';'
  (compiling source file 'SupplyNPC.cpp')
  
C:\Program Files\Microsoft Visual Studio\18\Community\VC\Tools\MSVC\14.44.35207\include\cmath(889,1): error C2059: syntax error: '<'
  (compiling source file 'SupplyNPC.cpp')
  
C:\Program Files\Microsoft Visual Studio\18\Community\VC\Tools\MSVC\14.44.35207\include\cmath(889,1): error C2334: unexpected token(s) preceding '{'; skipping apparent function body
  (compiling source file 'SupplyNPC.cpp')
  
C:\Program Files\Microsoft Visual Studio\18\Community\VC\Tools\MSVC\14.44.35207\include\cmath(890,1): error C2039: '_Common_float_type_t': is not a member of 'std'
  (compiling source file 'SupplyNPC.cpp')
      C:\Program Files\Microsoft Visual Studio\18\Community\VC\Tools\MSVC\14.44.35207\include\vector(29,1):
      see declaration of 'std'
  
C:\Program Files\Microsoft Visual Studio\18\Community\VC\Tools\MSVC\14.44.35207\include\cmath(890,1): error C2988: unrecognizable template declaration/definition
  (compiling source file 'SupplyNPC.cpp')
  
C:\Program Files\Microsoft Visual Studio\18\Community\VC\Tools\MSVC\14.44.35207\include\cmath(890,1): error C1003: error count exceeds 100; stopping compilation
  (compiling source file 'SupplyNPC.cpp')
  
  main.cpp
D:\Programming\Victors baby\322217175_332294891\example\Graphics\SupplyNPC.h(17,1): error C2059: syntax error: '<<'
  (compiling source file 'main.cpp')
  
D:\Programming\Victors baby\322217175_332294891\example\Graphics\SupplyNPC.h(18,41): error C2238: unexpected token(s) preceding ';'
  (compiling source file 'main.cpp')
  
D:\Programming\Victors baby\322217175_332294891\example\Graphics\SupplyNPC.h(19,1): error C2059: syntax error: '=='
  (compiling source file 'main.cpp')
  
D:\Programming\Victors baby\322217175_332294891\example\Graphics\SupplyNPC.h(20,34): error C2238: unexpected token(s) preceding ';'
  (compiling source file 'main.cpp')
  
D:\Programming\Victors baby\322217175_332294891\example\Graphics\SupplyNPC.h(21,1): error C2059: syntax error: '>>'
  (compiling source file 'main.cpp')
  
D:\Programming\Victors baby\322217175_332294891\example\Graphics\SupplyNPC.h(23,7): error C2334: unexpected token(s) preceding ':'; skipping apparent function body
  (compiling source file 'main.cpp')
  
C:\Program Files\Microsoft Visual Studio\18\Community\VC\Tools\MSVC\14.44.35207\include\cmath(557,1): error C2059: syntax error: 'namespace'
  (compiling source file 'main.cpp')
  
C:\Program Files\Microsoft Visual Studio\18\Community\VC\Tools\MSVC\14.44.35207\include\cmath(557,1): error C2334: unexpected token(s) preceding '{'; skipping apparent function body
  (compiling source file 'main.cpp')
  
C:\Program Files\Microsoft Visual Studio\18\Community\VC\Tools\MSVC\14.44.35207\include\cmath(572,17): error C2039: '_Common_float_type_t': is not a member of 'std'
  (compiling source file 'main.cpp')
      C:\Program Files\Microsoft Visual Studio\18\Community\VC\Tools\MSVC\14.44.35207\include\vector(29,1):
      see declaration of 'std'
  
C:\Program Files\Microsoft Visual Studio\18\Community\VC\Tools\MSVC\14.44.35207\include\cmath(572,37): error C2988: unrecognizable template declaration/definition
  (compiling source file 'main.cpp')
  
C:\Program Files\Microsoft Visual Studio\18\Community\VC\Tools\MSVC\14.44.35207\include\cmath(572,37): error C2143: syntax error: missing ';' before '<'
  (compiling source file 'main.cpp')
  
C:\Program Files\Microsoft Visual Studio\18\Community\VC\Tools\MSVC\14.44.35207\include\cmath(572,1): error C2238: unexpected token(s) preceding ';'
  (compiling source file 'main.cpp')
  
C:\Program Files\Microsoft Visual Studio\18\Community\VC\Tools\MSVC\14.44.35207\include\cmath(572,37): error C2059: syntax error: '<'
  (compiling source file 'main.cpp')
  
C:\Program Files\Microsoft Visual Studio\18\Community\VC\Tools\MSVC\14.44.35207\include\cmath(572,49): error C2039: '_Common_float_type_t': is not a member of 'std'
  (compiling source file 'main.cpp')
      C:\Program Files\Microsoft Visual Studio\18\Community\VC\Tools\MSVC\14.44.35207\include\vector(29,1):
      see declaration of 'std'
  
C:\Program Files\Microsoft Visual Studio\18\Community\VC\Tools\MSVC\14.44.35207\include\cmath(573,72): error C2334: unexpected token(s) preceding '{'; skipping apparent function body
  (compiling source file 'main.cpp')
  
C:\Program Files\Microsoft Visual Studio\18\Community\VC\Tools\MSVC\14.44.35207\include\cmath(585,6): error C2039: '_Common_float_type_t': is not a member of 'std'
  (compiling source file 'main.cpp')
      C:\Program Files\Microsoft Visual Studio\18\Community\VC\Tools\MSVC\14.44.35207\include\vector(29,1):
      see declaration of 'std'
  
C:\Program Files\Microsoft Visual Studio\18\Community\VC\Tools\MSVC\14.44.35207\include\cmath(585,26): error C2988: unrecognizable template declaration/definition
  (compiling source file 'main.cpp')
  
C:\Program Files\Microsoft Visual Studio\18\Community\VC\Tools\MSVC\14.44.35207\include\cmath(585,26): error C2143: syntax error: missing ';' before '<'
  (compiling source file 'main.cpp')
  
C:\Program Files\Microsoft Visual Studio\18\Community\VC\Tools\MSVC\14.44.35207\include\cmath(585,1): error C2238: unexpected token(s) preceding ';'
  (compiling source file 'main.cpp')
  
C:\Program Files\Microsoft Visual Studio\18\Community\VC\Tools\MSVC\14.44.35207\include\cmath(585,26): error C2059: syntax error: '<'
  (compiling source file 'main.cpp')
  
C:\Program Files\Microsoft Visual Studio\18\Community\VC\Tools\MSVC\14.44.35207\include\cmath(585,111): error C2334: unexpected token(s) preceding '{'; skipping apparent function body
  (compiling source file 'main.cpp')
  
C:\Program Files\Microsoft Visual Studio\18\Community\VC\Tools\MSVC\14.44.35207\include\cmath(836,1): error C2039: '_Common_float_type_t': is not a member of 'std'
  (compiling source file 'main.cpp')
      C:\Program Files\Microsoft Visual Studio\18\Community\VC\Tools\MSVC\14.44.35207\include\vector(29,1):
      see declaration of 'std'
  
C:\Program Files\Microsoft Visual Studio\18\Community\VC\Tools\MSVC\14.44.35207\include\cmath(836,1): error C2988: unrecognizable template declaration/definition
  (compiling source file 'main.cpp')
  
C:\Program Files\Microsoft Visual Studio\18\Community\VC\Tools\MSVC\14.44.35207\include\cmath(836,1): error C2143: syntax error: missing ';' before '<'
  (compiling source file 'main.cpp')
  
C:\Program Files\Microsoft Visual Studio\18\Community\VC\Tools\MSVC\14.44.35207\include\cmath(836,1): error C2238: unexpected token(s) preceding ';'
  (compiling source file 'main.cpp')
  
C:\Program Files\Microsoft Visual Studio\18\Community\VC\Tools\MSVC\14.44.35207\include\cmath(836,1): error C2059: syntax error: '<'
  (compiling source file 'main.cpp')
  
C:\Program Files\Microsoft Visual Studio\18\Community\VC\Tools\MSVC\14.44.35207\include\cmath(836,1): error C2334: unexpected token(s) preceding '{'; skipping apparent function body
  (compiling source file 'main.cpp')
  
C:\Program Files\Microsoft Visual Studio\18\Community\VC\Tools\MSVC\14.44.35207\include\cmath(863,1): error C2039: '_Common_float_type_t': is not a member of 'std'
  (compiling source file 'main.cpp')
      C:\Program Files\Microsoft Visual Studio\18\Community\VC\Tools\MSVC\14.44.35207\include\vector(29,1):
      see declaration of 'std'
  
C:\Program Files\Microsoft Visual Studio\18\Community\VC\Tools\MSVC\14.44.35207\include\cmath(863,1): error C2988: unrecognizable template declaration/definition
  (compiling source file 'main.cpp')
  
C:\Program Files\Microsoft Visual Studio\18\Community\VC\Tools\MSVC\14.44.35207\include\cmath(863,1): error C2143: syntax error: missing ';' before '<'
  (compiling source file 'main.cpp')
  
C:\Program Files\Microsoft Visual Studio\18\Community\VC\Tools\MSVC\14.44.35207\include\cmath(863,1): error C2238: unexpected token(s) preceding ';'
  (compiling source file 'main.cpp')
  
C:\Program Files\Microsoft Visual Studio\18\Community\VC\Tools\MSVC\14.44.35207\include\cmath(863,1): error C2059: syntax error: '<'
  (compiling source file 'main.cpp')
  
C:\Program Files\Microsoft Visual Studio\18\Community\VC\Tools\MSVC\14.44.35207\include\cmath(863,1): error C2334: unexpected token(s) preceding '{'; skipping apparent function body
  (compiling source file 'main.cpp')
  
C:\Program Files\Microsoft Visual Studio\18\Community\VC\Tools\MSVC\14.44.35207\include\cmath(865,1): error C2039: '_Common_float_type_t': is not a member of 'std'
  (compiling source file 'main.cpp')
      C:\Program Files\Microsoft Visual Studio\18\Community\VC\Tools\MSVC\14.44.35207\include\vector(29,1):
      see declaration of 'std'
  
C:\Program Files\Microsoft Visual Studio\18\Community\VC\Tools\MSVC\14.44.35207\include\cmath(865,1): error C2988: unrecognizable template declaration/definition
  (compiling source file 'main.cpp')
  
C:\Program Files\Microsoft Visual Studio\18\Community\VC\Tools\MSVC\14.44.35207\include\cmath(865,1): error C2143: syntax error: missing ';' before '<'
  (compiling source file 'main.cpp')
  
C:\Program Files\Microsoft Visual Studio\18\Community\VC\Tools\MSVC\14.44.35207\include\cmath(865,1): error C2238: unexpected token(s) preceding ';'
  (compiling source file 'main.cpp')
  
C:\Program Files\Microsoft Visual Studio\18\Community\VC\Tools\MSVC\14.44.35207\include\cmath(865,1): error C2059: syntax error: '<'
  (compiling source file 'main.cpp')
  
C:\Program Files\Microsoft Visual Studio\18\Community\VC\Tools\MSVC\14.44.35207\include\cmath(865,1): error C2334: unexpected token(s) preceding '{'; skipping apparent function body
  (compiling source file 'main.cpp')
  
C:\Program Files\Microsoft Visual Studio\18\Community\VC\Tools\MSVC\14.44.35207\include\cmath(881,1): error C2039: '_Common_float_type_t': is not a member of 'std'
  (compiling source file 'main.cpp')
      C:\Program Files\Microsoft Visual Studio\18\Community\VC\Tools\MSVC\14.44.35207\include\vector(29,1):
      see declaration of 'std'
  
C:\Program Files\Microsoft Visual Studio\18\Community\VC\Tools\MSVC\14.44.35207\include\cmath(881,1): error C2988: unrecognizable template declaration/definition
  (compiling source file 'main.cpp')
  
C:\Program Files\Microsoft Visual Studio\18\Community\VC\Tools\MSVC\14.44.35207\include\cmath(881,1): error C2143: syntax error: missing ';' before '<'
  (compiling source file 'main.cpp')
  
C:\Program Files\Microsoft Visual Studio\18\Community\VC\Tools\MSVC\14.44.35207\include\cmath(881,1): error C2238: unexpected token(s) preceding ';'
  (compiling source file 'main.cpp')
  
C:\Program Files\Microsoft Visual Studio\18\Community\VC\Tools\MSVC\14.44.35207\include\cmath(881,1): error C2059: syntax error: '<'
  (compiling source file 'main.cpp')
  
C:\Program Files\Microsoft Visual Studio\18\Community\VC\Tools\MSVC\14.44.35207\include\cmath(881,1): error C2334: unexpected token(s) preceding '{'; skipping apparent function body
  (compiling source file 'main.cpp')
  
C:\Program Files\Microsoft Visual Studio\18\Community\VC\Tools\MSVC\14.44.35207\include\cmath(882,1): error C2039: '_Common_float_type_t': is not a member of 'std'
  (compiling source file 'main.cpp')
      C:\Program Files\Microsoft Visual Studio\18\Community\VC\Tools\MSVC\14.44.35207\include\vector(29,1):
      see declaration of 'std'
  
C:\Program Files\Microsoft Visual Studio\18\Community\VC\Tools\MSVC\14.44.35207\include\cmath(882,1): error C2988: unrecognizable template declaration/definition
  (compiling source file 'main.cpp')
  
C:\Program Files\Microsoft Visual Studio\18\Community\VC\Tools\MSVC\14.44.35207\include\cmath(882,1): error C2143: syntax error: missing ';' before '<'
  (compiling source file 'main.cpp')
  
C:\Program Files\Microsoft Visual Studio\18\Community\VC\Tools\MSVC\14.44.35207\include\cmath(882,1): error C2238: unexpected token(s) preceding ';'
  (compiling source file 'main.cpp')
  
C:\Program Files\Microsoft Visual Studio\18\Community\VC\Tools\MSVC\14.44.35207\include\cmath(882,1): error C2059: syntax error: '<'
  (compiling source file 'main.cpp')
  
C:\Program Files\Microsoft Visual Studio\18\Community\VC\Tools\MSVC\14.44.35207\include\cmath(882,1): error C2334: unexpected token(s) preceding '{'; skipping apparent function body
  (compiling source file 'main.cpp')
  
C:\Program Files\Microsoft Visual Studio\18\Community\VC\Tools\MSVC\14.44.35207\include\cmath(884,1): error C2039: '_Common_float_type_t': is not a member of 'std'
  (compiling source file 'main.cpp')
      C:\Program Files\Microsoft Visual Studio\18\Community\VC\Tools\MSVC\14.44.35207\include\vector(29,1):
      see declaration of 'std'
  
C:\Program Files\Microsoft Visual Studio\18\Community\VC\Tools\MSVC\14.44.35207\include\cmath(884,1): error C2988: unrecognizable template declaration/definition
  (compiling source file 'main.cpp')
  
C:\Program Files\Microsoft Visual Studio\18\Community\VC\Tools\MSVC\14.44.35207\include\cmath(884,1): error C2143: syntax error: missing ';' before '<'
  (compiling source file 'main.cpp')
  
C:\Program Files\Microsoft Visual Studio\18\Community\VC\Tools\MSVC\14.44.35207\include\cmath(884,1): error C2238: unexpected token(s) preceding ';'
  (compiling source file 'main.cpp')
  
C:\Program Files\Microsoft Visual Studio\18\Community\VC\Tools\MSVC\14.44.35207\include\cmath(884,1): error C2059: syntax error: '<'
  (compiling source file 'main.cpp')
  
C:\Program Files\Microsoft Visual Studio\18\Community\VC\Tools\MSVC\14.44.35207\include\cmath(884,1): error C2334: unexpected token(s) preceding '{'; skipping apparent function body
  (compiling source file 'main.cpp')
  
C:\Program Files\Microsoft Visual Studio\18\Community\VC\Tools\MSVC\14.44.35207\include\cmath(886,1): error C2039: '_Common_float_type_t': is not a member of 'std'
  (compiling source file 'main.cpp')
      C:\Program Files\Microsoft Visual Studio\18\Community\VC\Tools\MSVC\14.44.35207\include\vector(29,1):
      see declaration of 'std'
  
C:\Program Files\Microsoft Visual Studio\18\Community\VC\Tools\MSVC\14.44.35207\include\cmath(886,1): error C2988: unrecognizable template declaration/definition
  (compiling source file 'main.cpp')
  
C:\Program Files\Microsoft Visual Studio\18\Community\VC\Tools\MSVC\14.44.35207\include\cmath(886,1): error C2143: syntax error: missing ';' before '<'
  (compiling source file 'main.cpp')
  
C:\Program Files\Microsoft Visual Studio\18\Community\VC\Tools\MSVC\14.44.35207\include\cmath(886,1): error C2238: unexpected token(s) preceding ';'
  (compiling source file 'main.cpp')
  
C:\Program Files\Microsoft Visual Studio\18\Community\VC\Tools\MSVC\14.44.35207\include\cmath(886,1): error C2059: syntax error: '<'
  (compiling source file 'main.cpp')
  
C:\Program Files\Microsoft Visual Studio\18\Community\VC\Tools\MSVC\14.44.35207\include\cmath(886,1): error C2334: unexpected token(s) preceding '{'; skipping apparent function body
  (compiling source file 'main.cpp')
  
C:\Program Files\Microsoft Visual Studio\18\Community\VC\Tools\MSVC\14.44.35207\include\cmath(888,1): error C2039: '_Common_float_type_t': is not a member of 'std'
  (compiling source file 'main.cpp')
      C:\Program Files\Microsoft Visual Studio\18\Community\VC\Tools\MSVC\14.44.35207\include\vector(29,1):
      see declaration of 'std'
  
C:\Program Files\Microsoft Visual Studio\18\Community\VC\Tools\MSVC\14.44.35207\include\cmath(888,1): error C2988: unrecognizable template declaration/definition
  (compiling source file 'main.cpp')
  
C:\Program Files\Microsoft Visual Studio\18\Community\VC\Tools\MSVC\14.44.35207\include\cmath(888,1): error C2143: syntax error: missing ';' before '<'
  (compiling source file 'main.cpp')
  
C:\Program Files\Microsoft Visual Studio\18\Community\VC\Tools\MSVC\14.44.35207\include\cmath(888,1): error C2238: unexpected token(s) preceding ';'
  (compiling source file 'main.cpp')
  
C:\Program Files\Microsoft Visual Studio\18\Community\VC\Tools\MSVC\14.44.35207\include\cmath(888,1): error C2059: syntax error: '<'
  (compiling source file 'main.cpp')
  
C:\Program Files\Microsoft Visual Studio\18\Community\VC\Tools\MSVC\14.44.35207\include\cmath(888,1): error C2334: unexpected token(s) preceding '{'; skipping apparent function body
  (compiling source file 'main.cpp')
  
C:\Program Files\Microsoft Visual Studio\18\Community\VC\Tools\MSVC\14.44.35207\include\cmath(889,1): error C2039: '_Common_float_type_t': is not a member of 'std'
  (compiling source file 'main.cpp')
      C:\Program Files\Microsoft Visual Studio\18\Community\VC\Tools\MSVC\14.44.35207\include\vector(29,1):
      see declaration of 'std'
  
C:\Program Files\Microsoft Visual Studio\18\Community\VC\Tools\MSVC\14.44.35207\include\cmath(889,1): error C2988: unrecognizable template declaration/definition
  (compiling source file 'main.cpp')
  
C:\Program Files\Microsoft Visual Studio\18\Community\VC\Tools\MSVC\14.44.35207\include\cmath(889,1): error C2143: syntax error: missing ';' before '<'
  (compiling source file 'main.cpp')
  
C:\Program Files\Microsoft Visual Studio\18\Community\VC\Tools\MSVC\14.44.35207\include\cmath(889,1): error C2238: unexpected token(s) preceding ';'
  (compiling source file 'main.cpp')
  
C:\Program Files\Microsoft Visual Studio\18\Community\VC\Tools\MSVC\14.44.35207\include\cmath(889,1): error C2059: syntax error: '<'
  (compiling source file 'main.cpp')
  
C:\Program Files\Microsoft Visual Studio\18\Community\VC\Tools\MSVC\14.44.35207\include\cmath(889,1): error C2334: unexpected token(s) preceding '{'; skipping apparent function body
  (compiling source file 'main.cpp')
  
C:\Program Files\Microsoft Visual Studio\18\Community\VC\Tools\MSVC\14.44.35207\include\cmath(890,1): error C2039: '_Common_float_type_t': is not a member of 'std'
  (compiling source file 'main.cpp')
      C:\Program Files\Microsoft Visual Studio\18\Community\VC\Tools\MSVC\14.44.35207\include\vector(29,1):
      see declaration of 'std'
  
C:\Program Files\Microsoft Visual Studio\18\Community\VC\Tools\MSVC\14.44.35207\include\cmath(890,1): error C2988: unrecognizable template declaration/definition
  (compiling source file 'main.cpp')
  
C:\Program Files\Microsoft Visual Studio\18\Community\VC\Tools\MSVC\14.44.35207\include\cmath(890,1): error C2143: syntax error: missing ';' before '<'
  (compiling source file 'main.cpp')
  
C:\Program Files\Microsoft Visual Studio\18\Community\VC\Tools\MSVC\14.44.35207\include\cmath(890,1): error C2238: unexpected token(s) preceding ';'
  (compiling source file 'main.cpp')
  
C:\Program Files\Microsoft Visual Studio\18\Community\VC\Tools\MSVC\14.44.35207\include\cmath(890,1): error C2059: syntax error: '<'
  (compiling source file 'main.cpp')
  
C:\Program Files\Microsoft Visual Studio\18\Community\VC\Tools\MSVC\14.44.35207\include\cmath(890,1): error C2334: unexpected token(s) preceding '{'; skipping apparent function body
  (compiling source file 'main.cpp')
  
C:\Program Files\Microsoft Visual Studio\18\Community\VC\Tools\MSVC\14.44.35207\include\cmath(894,1): error C2988: unrecognizable template declaration/definition
  (compiling source file 'main.cpp')
  
C:\Program Files\Microsoft Visual Studio\18\Community\VC\Tools\MSVC\14.44.35207\include\cmath(894,1): error C2059: syntax error: 'return'
  (compiling source file 'main.cpp')
  
C:\Program Files\Microsoft Visual Studio\18\Community\VC\Tools\MSVC\14.44.35207\include\cmath(894,1): error C2238: unexpected token(s) preceding ';'
  (compiling source file 'main.cpp')
  
C:\Program Files\Microsoft Visual Studio\18\Community\VC\Tools\MSVC\14.44.35207\include\cmath(894,1): error C2628: 'SupplyNPC' followed by 'bool' is illegal (did you forget a ';'?)
  (compiling source file 'main.cpp')
  
C:\Program Files\Microsoft Visual Studio\18\Community\VC\Tools\MSVC\14.44.35207\include\cmath(894,1): error C2259: 'SupplyNPC': cannot instantiate abstract class
  (compiling source file 'main.cpp')
      D:\Programming\Victors baby\322217175_332294891\example\Graphics\SupplyNPC.h(7,7):
      see declaration of 'SupplyNPC'
      C:\Program Files\Microsoft Visual Studio\18\Community\VC\Tools\MSVC\14.44.35207\include\cmath(894,1):
      due to following members:
      C:\Program Files\Microsoft Visual Studio\18\Community\VC\Tools\MSVC\14.44.35207\include\cmath(894,1):
      'void NPC::DoSomeWork(void)': is abstract
      D:\Programming\Victors baby\322217175_332294891\example\Graphics\NPC.h(38,16):
      see declaration of 'NPC::DoSomeWork'
  
C:\Program Files\Microsoft Visual Studio\18\Community\VC\Tools\MSVC\14.44.35207\include\cmath(894,1): error C2440: 'return': cannot convert from 'bool' to 'SupplyNPC'
  (compiling source file 'main.cpp')
      C:\Program Files\Microsoft Visual Studio\18\Community\VC\Tools\MSVC\14.44.35207\include\cmath(894,1):
      No constructor could take the source type, or constructor overload resolution was ambiguous
  
D:\Programming\Victors baby\322217175_332294891\example\Graphics\main.cpp(102,31): error C2039: 'getAmmo': is not a member of 'SupplyNPC'
      D:\Programming\Victors baby\322217175_332294891\example\Graphics\SupplyNPC.h(7,7):
      see declaration of 'SupplyNPC'
  
  Map.cpp
D:\Programming\Victors baby\322217175_332294891\example\Graphics\SupplyNPC.h(17,1): error C2059: syntax error: '<<'
  (compiling source file 'Map.cpp')
  
D:\Programming\Victors baby\322217175_332294891\example\Graphics\SupplyNPC.h(18,41): error C2238: unexpected token(s) preceding ';'
  (compiling source file 'Map.cpp')
  
D:\Programming\Victors baby\322217175_332294891\example\Graphics\SupplyNPC.h(19,1): error C2059: syntax error: '=='
  (compiling source file 'Map.cpp')
  
D:\Programming\Victors baby\322217175_332294891\example\Graphics\SupplyNPC.h(20,34): error C2238: unexpected token(s) preceding ';'
  (compiling source file 'Map.cpp')
  
D:\Programming\Victors baby\322217175_332294891\example\Graphics\SupplyNPC.h(21,1): error C2059: syntax error: '>>'
  (compiling source file 'Map.cpp')
  
D:\Programming\Victors baby\322217175_332294891\example\Graphics\SupplyNPC.h(23,7): error C2334: unexpected token(s) preceding ':'; skipping apparent function body
  (compiling source file 'Map.cpp')
  
C:\Program Files\Microsoft Visual Studio\18\Community\VC\Tools\MSVC\14.44.35207\include\__msvc_heap_algorithms.hpp(20,1): error C2059: syntax error: 'namespace'
  (compiling source file 'Map.cpp')
  
C:\Program Files\Microsoft Visual Studio\18\Community\VC\Tools\MSVC\14.44.35207\include\__msvc_heap_algorithms.hpp(20,1): error C2334: unexpected token(s) preceding '{'; skipping apparent function body
  (compiling source file 'Map.cpp')
  
C:\Program Files\Microsoft Visual Studio\18\Community\VC\Tools\MSVC\14.44.35207\include\__msvc_minmax.hpp(19,8): error C2059: syntax error: 'string'
  (compiling source file 'Map.cpp')
  
C:\Program Files\Microsoft Visual Studio\18\Community\VC\Tools\MSVC\14.44.35207\include\__msvc_minmax.hpp(19,12): error C2334: unexpected token(s) preceding '{'; skipping apparent function body
  (compiling source file 'Map.cpp')
  
C:\Program Files\Microsoft Visual Studio\18\Community\VC\Tools\MSVC\14.44.35207\include\algorithm(33,8): error C2059: syntax error: 'string'
  (compiling source file 'Map.cpp')
  
C:\Program Files\Microsoft Visual Studio\18\Community\VC\Tools\MSVC\14.44.35207\include\algorithm(33,12): error C2334: unexpected token(s) preceding '{'; skipping apparent function body
  (compiling source file 'Map.cpp')
  
C:\Program Files\Microsoft Visual Studio\18\Community\VC\Tools\MSVC\14.44.35207\include\algorithm(84,1): error C2059: syntax error: 'namespace'
  (compiling source file 'Map.cpp')
  
C:\Program Files\Microsoft Visual Studio\18\Community\VC\Tools\MSVC\14.44.35207\include\algorithm(84,1): error C2334: unexpected token(s) preceding '{'; skipping apparent function body
  (compiling source file 'Map.cpp')
  
C:\Program Files\Microsoft Visual Studio\18\Community\VC\Tools\MSVC\14.44.35207\include\algorithm(225,1): error C2059: syntax error: 'namespace'
  (compiling source file 'Map.cpp')
  
C:\Program Files\Microsoft Visual Studio\18\Community\VC\Tools\MSVC\14.44.35207\include\algorithm(225,1): error C2334: unexpected token(s) preceding '{'; skipping apparent function body
  (compiling source file 'Map.cpp')
  
C:\Program Files\Microsoft Visual Studio\18\Community\VC\Tools\MSVC\14.44.35207\include\cmath(557,1): error C2059: syntax error: 'namespace'
  (compiling source file 'Map.cpp')
  
C:\Program Files\Microsoft Visual Studio\18\Community\VC\Tools\MSVC\14.44.35207\include\cmath(557,1): error C2334: unexpected token(s) preceding '{'; skipping apparent function body
  (compiling source file 'Map.cpp')
  
C:\Program Files\Microsoft Visual Studio\18\Community\VC\Tools\MSVC\14.44.35207\include\cmath(572,17): error C2039: '_Common_float_type_t': is not a member of 'std'
  (compiling source file 'Map.cpp')
      C:\Program Files\Microsoft Visual Studio\18\Community\VC\Tools\MSVC\14.44.35207\include\vector(29,1):
      see declaration of 'std'
  
C:\Program Files\Microsoft Visual Studio\18\Community\VC\Tools\MSVC\14.44.35207\include\cmath(572,37): error C2988: unrecognizable template declaration/definition
  (compiling source file 'Map.cpp')
  
C:\Program Files\Microsoft Visual Studio\18\Community\VC\Tools\MSVC\14.44.35207\include\cmath(572,37): error C2143: syntax error: missing ';' before '<'
  (compiling source file 'Map.cpp')
  
C:\Program Files\Microsoft Visual Studio\18\Community\VC\Tools\MSVC\14.44.35207\include\cmath(572,1): error C2238: unexpected token(s) preceding ';'
  (compiling source file 'Map.cpp')
  
C:\Program Files\Microsoft Visual Studio\18\Community\VC\Tools\MSVC\14.44.35207\include\cmath(572,37): error C2059: syntax error: '<'
  (compiling source file 'Map.cpp')
  
C:\Program Files\Microsoft Visual Studio\18\Community\VC\Tools\MSVC\14.44.35207\include\cmath(572,49): error C2039: '_Common_float_type_t': is not a member of 'std'
  (compiling source file 'Map.cpp')
      C:\Program Files\Microsoft Visual Studio\18\Community\VC\Tools\MSVC\14.44.35207\include\vector(29,1):
      see declaration of 'std'
  
C:\Program Files\Microsoft Visual Studio\18\Community\VC\Tools\MSVC\14.44.35207\include\cmath(573,72): error C2334: unexpected token(s) preceding '{'; skipping apparent function body
  (compiling source file 'Map.cpp')
  
C:\Program Files\Microsoft Visual Studio\18\Community\VC\Tools\MSVC\14.44.35207\include\cmath(585,6): error C2039: '_Common_float_type_t': is not a member of 'std'
  (compiling source file 'Map.cpp')
      C:\Program Files\Microsoft Visual Studio\18\Community\VC\Tools\MSVC\14.44.35207\include\vector(29,1):
      see declaration of 'std'
  
C:\Program Files\Microsoft Visual Studio\18\Community\VC\Tools\MSVC\14.44.35207\include\cmath(585,26): error C2988: unrecognizable template declaration/definition
  (compiling source file 'Map.cpp')
  
C:\Program Files\Microsoft Visual Studio\18\Community\VC\Tools\MSVC\14.44.35207\include\cmath(585,26): error C2143: syntax error: missing ';' before '<'
  (compiling source file 'Map.cpp')
  
C:\Program Files\Microsoft Visual Studio\18\Community\VC\Tools\MSVC\14.44.35207\include\cmath(585,1): error C2238: unexpected token(s) preceding ';'
  (compiling source file 'Map.cpp')
  
C:\Program Files\Microsoft Visual Studio\18\Community\VC\Tools\MSVC\14.44.35207\include\cmath(585,26): error C2059: syntax error: '<'
  (compiling source file 'Map.cpp')
  
C:\Program Files\Microsoft Visual Studio\18\Community\VC\Tools\MSVC\14.44.35207\include\cmath(585,111): error C2334: unexpected token(s) preceding '{'; skipping apparent function body
  (compiling source file 'Map.cpp')
  
C:\Program Files\Microsoft Visual Studio\18\Community\VC\Tools\MSVC\14.44.35207\include\cmath(836,1): error C2039: '_Common_float_type_t': is not a member of 'std'
  (compiling source file 'Map.cpp')
      C:\Program Files\Microsoft Visual Studio\18\Community\VC\Tools\MSVC\14.44.35207\include\vector(29,1):
      see declaration of 'std'
  
C:\Program Files\Microsoft Visual Studio\18\Community\VC\Tools\MSVC\14.44.35207\include\cmath(836,1): error C2988: unrecognizable template declaration/definition
  (compiling source file 'Map.cpp')
  
C:\Program Files\Microsoft Visual Studio\18\Community\VC\Tools\MSVC\14.44.35207\include\cmath(836,1): error C2143: syntax error: missing ';' before '<'
  (compiling source file 'Map.cpp')
  
C:\Program Files\Microsoft Visual Studio\18\Community\VC\Tools\MSVC\14.44.35207\include\cmath(836,1): error C2238: unexpected token(s) preceding ';'
  (compiling source file 'Map.cpp')
  
C:\Program Files\Microsoft Visual Studio\18\Community\VC\Tools\MSVC\14.44.35207\include\cmath(836,1): error C2059: syntax error: '<'
  (compiling source file 'Map.cpp')
  
C:\Program Files\Microsoft Visual Studio\18\Community\VC\Tools\MSVC\14.44.35207\include\cmath(836,1): error C2334: unexpected token(s) preceding '{'; skipping apparent function body
  (compiling source file 'Map.cpp')
  
C:\Program Files\Microsoft Visual Studio\18\Community\VC\Tools\MSVC\14.44.35207\include\cmath(863,1): error C2039: '_Common_float_type_t': is not a member of 'std'
  (compiling source file 'Map.cpp')
      C:\Program Files\Microsoft Visual Studio\18\Community\VC\Tools\MSVC\14.44.35207\include\vector(29,1):
      see declaration of 'std'
  
C:\Program Files\Microsoft Visual Studio\18\Community\VC\Tools\MSVC\14.44.35207\include\cmath(863,1): error C2988: unrecognizable template declaration/definition
  (compiling source file 'Map.cpp')
  
C:\Program Files\Microsoft Visual Studio\18\Community\VC\Tools\MSVC\14.44.35207\include\cmath(863,1): error C2143: syntax error: missing ';' before '<'
  (compiling source file 'Map.cpp')
  
C:\Program Files\Microsoft Visual Studio\18\Community\VC\Tools\MSVC\14.44.35207\include\cmath(863,1): error C2238: unexpected token(s) preceding ';'
  (compiling source file 'Map.cpp')
  
C:\Program Files\Microsoft Visual Studio\18\Community\VC\Tools\MSVC\14.44.35207\include\cmath(863,1): error C2059: syntax error: '<'
  (compiling source file 'Map.cpp')
  
C:\Program Files\Microsoft Visual Studio\18\Community\VC\Tools\MSVC\14.44.35207\include\cmath(863,1): error C2334: unexpected token(s) preceding '{'; skipping apparent function body
  (compiling source file 'Map.cpp')
  
C:\Program Files\Microsoft Visual Studio\18\Community\VC\Tools\MSVC\14.44.35207\include\cmath(865,1): error C2039: '_Common_float_type_t': is not a member of 'std'
  (compiling source file 'Map.cpp')
      C:\Program Files\Microsoft Visual Studio\18\Community\VC\Tools\MSVC\14.44.35207\include\vector(29,1):
      see declaration of 'std'
  
C:\Program Files\Microsoft Visual Studio\18\Community\VC\Tools\MSVC\14.44.35207\include\cmath(865,1): error C2988: unrecognizable template declaration/definition
  (compiling source file 'Map.cpp')
  
C:\Program Files\Microsoft Visual Studio\18\Community\VC\Tools\MSVC\14.44.35207\include\cmath(865,1): error C2143: syntax error: missing ';' before '<'
  (compiling source file 'Map.cpp')
  
C:\Program Files\Microsoft Visual Studio\18\Community\VC\Tools\MSVC\14.44.35207\include\cmath(865,1): error C2238: unexpected token(s) preceding ';'
  (compiling source file 'Map.cpp')
  
C:\Program Files\Microsoft Visual Studio\18\Community\VC\Tools\MSVC\14.44.35207\include\cmath(865,1): error C2059: syntax error: '<'
  (compiling source file 'Map.cpp')
  
C:\Program Files\Microsoft Visual Studio\18\Community\VC\Tools\MSVC\14.44.35207\include\cmath(865,1): error C2334: unexpected token(s) preceding '{'; skipping apparent function body
  (compiling source file 'Map.cpp')
  
C:\Program Files\Microsoft Visual Studio\18\Community\VC\Tools\MSVC\14.44.35207\include\cmath(881,1): error C2039: '_Common_float_type_t': is not a member of 'std'
  (compiling source file 'Map.cpp')
      C:\Program Files\Microsoft Visual Studio\18\Community\VC\Tools\MSVC\14.44.35207\include\vector(29,1):
      see declaration of 'std'
  
C:\Program Files\Microsoft Visual Studio\18\Community\VC\Tools\MSVC\14.44.35207\include\cmath(881,1): error C2988: unrecognizable template declaration/definition
  (compiling source file 'Map.cpp')
  
C:\Program Files\Microsoft Visual Studio\18\Community\VC\Tools\MSVC\14.44.35207\include\cmath(881,1): error C2143: syntax error: missing ';' before '<'
  (compiling source file 'Map.cpp')
  
C:\Program Files\Microsoft Visual Studio\18\Community\VC\Tools\MSVC\14.44.35207\include\cmath(881,1): error C2238: unexpected token(s) preceding ';'
  (compiling source file 'Map.cpp')
  
C:\Program Files\Microsoft Visual Studio\18\Community\VC\Tools\MSVC\14.44.35207\include\cmath(881,1): error C2059: syntax error: '<'
  (compiling source file 'Map.cpp')
  
C:\Program Files\Microsoft Visual Studio\18\Community\VC\Tools\MSVC\14.44.35207\include\cmath(881,1): error C2334: unexpected token(s) preceding '{'; skipping apparent function body
  (compiling source file 'Map.cpp')
  
C:\Program Files\Microsoft Visual Studio\18\Community\VC\Tools\MSVC\14.44.35207\include\cmath(882,1): error C2039: '_Common_float_type_t': is not a member of 'std'
  (compiling source file 'Map.cpp')
      C:\Program Files\Microsoft Visual Studio\18\Community\VC\Tools\MSVC\14.44.35207\include\vector(29,1):
      see declaration of 'std'
  
C:\Program Files\Microsoft Visual Studio\18\Community\VC\Tools\MSVC\14.44.35207\include\cmath(882,1): error C2988: unrecognizable template declaration/definition
  (compiling source file 'Map.cpp')
  
C:\Program Files\Microsoft Visual Studio\18\Community\VC\Tools\MSVC\14.44.35207\include\cmath(882,1): error C2143: syntax error: missing ';' before '<'
  (compiling source file 'Map.cpp')
  
C:\Program Files\Microsoft Visual Studio\18\Community\VC\Tools\MSVC\14.44.35207\include\cmath(882,1): error C2238: unexpected token(s) preceding ';'
  (compiling source file 'Map.cpp')
  
C:\Program Files\Microsoft Visual Studio\18\Community\VC\Tools\MSVC\14.44.35207\include\cmath(882,1): error C2059: syntax error: '<'
  (compiling source file 'Map.cpp')
  
C:\Program Files\Microsoft Visual Studio\18\Community\VC\Tools\MSVC\14.44.35207\include\cmath(882,1): error C2334: unexpected token(s) preceding '{'; skipping apparent function body
  (compiling source file 'Map.cpp')
  
C:\Program Files\Microsoft Visual Studio\18\Community\VC\Tools\MSVC\14.44.35207\include\cmath(884,1): error C2039: '_Common_float_type_t': is not a member of 'std'
  (compiling source file 'Map.cpp')
      C:\Program Files\Microsoft Visual Studio\18\Community\VC\Tools\MSVC\14.44.35207\include\vector(29,1):
      see declaration of 'std'
  
C:\Program Files\Microsoft Visual Studio\18\Community\VC\Tools\MSVC\14.44.35207\include\cmath(884,1): error C2988: unrecognizable template declaration/definition
  (compiling source file 'Map.cpp')
  
C:\Program Files\Microsoft Visual Studio\18\Community\VC\Tools\MSVC\14.44.35207\include\cmath(884,1): error C2143: syntax error: missing ';' before '<'
  (compiling source file 'Map.cpp')
  
C:\Program Files\Microsoft Visual Studio\18\Community\VC\Tools\MSVC\14.44.35207\include\cmath(884,1): error C2238: unexpected token(s) preceding ';'
  (compiling source file 'Map.cpp')
  
C:\Program Files\Microsoft Visual Studio\18\Community\VC\Tools\MSVC\14.44.35207\include\cmath(884,1): error C2059: syntax error: '<'
  (compiling source file 'Map.cpp')
  
C:\Program Files\Microsoft Visual Studio\18\Community\VC\Tools\MSVC\14.44.35207\include\cmath(884,1): error C2334: unexpected token(s) preceding '{'; skipping apparent function body
  (compiling source file 'Map.cpp')
  
C:\Program Files\Microsoft Visual Studio\18\Community\VC\Tools\MSVC\14.44.35207\include\cmath(886,1): error C2039: '_Common_float_type_t': is not a member of 'std'
  (compiling source file 'Map.cpp')
      C:\Program Files\Microsoft Visual Studio\18\Community\VC\Tools\MSVC\14.44.35207\include\vector(29,1):
      see declaration of 'std'
  
C:\Program Files\Microsoft Visual Studio\18\Community\VC\Tools\MSVC\14.44.35207\include\cmath(886,1): error C2988: unrecognizable template declaration/definition
  (compiling source file 'Map.cpp')
  
C:\Program Files\Microsoft Visual Studio\18\Community\VC\Tools\MSVC\14.44.35207\include\cmath(886,1): error C2143: syntax error: missing ';' before '<'
  (compiling source file 'Map.cpp')
  
C:\Program Files\Microsoft Visual Studio\18\Community\VC\Tools\MSVC\14.44.35207\include\cmath(886,1): error C2238: unexpected token(s) preceding ';'
  (compiling source file 'Map.cpp')
  
C:\Program Files\Microsoft Visual Studio\18\Community\VC\Tools\MSVC\14.44.35207\include\cmath(886,1): error C2059: syntax error: '<'
  (compiling source file 'Map.cpp')
  
C:\Program Files\Microsoft Visual Studio\18\Community\VC\Tools\MSVC\14.44.35207\include\cmath(886,1): error C2334: unexpected token(s) preceding '{'; skipping apparent function body
  (compiling source file 'Map.cpp')
  
C:\Program Files\Microsoft Visual Studio\18\Community\VC\Tools\MSVC\14.44.35207\include\cmath(888,1): error C2039: '_Common_float_type_t': is not a member of 'std'
  (compiling source file 'Map.cpp')
      C:\Program Files\Microsoft Visual Studio\18\Community\VC\Tools\MSVC\14.44.35207\include\vector(29,1):
      see declaration of 'std'
  
C:\Program Files\Microsoft Visual Studio\18\Community\VC\Tools\MSVC\14.44.35207\include\cmath(888,1): error C2988: unrecognizable template declaration/definition
  (compiling source file 'Map.cpp')
  
C:\Program Files\Microsoft Visual Studio\18\Community\VC\Tools\MSVC\14.44.35207\include\cmath(888,1): error C2143: syntax error: missing ';' before '<'
  (compiling source file 'Map.cpp')
  
C:\Program Files\Microsoft Visual Studio\18\Community\VC\Tools\MSVC\14.44.35207\include\cmath(888,1): error C2238: unexpected token(s) preceding ';'
  (compiling source file 'Map.cpp')
  
C:\Program Files\Microsoft Visual Studio\18\Community\VC\Tools\MSVC\14.44.35207\include\cmath(888,1): error C2059: syntax error: '<'
  (compiling source file 'Map.cpp')
  
C:\Program Files\Microsoft Visual Studio\18\Community\VC\Tools\MSVC\14.44.35207\include\cmath(888,1): error C2334: unexpected token(s) preceding '{'; skipping apparent function body
  (compiling source file 'Map.cpp')
  
C:\Program Files\Microsoft Visual Studio\18\Community\VC\Tools\MSVC\14.44.35207\include\cmath(889,1): error C2039: '_Common_float_type_t': is not a member of 'std'
  (compiling source file 'Map.cpp')
      C:\Program Files\Microsoft Visual Studio\18\Community\VC\Tools\MSVC\14.44.35207\include\vector(29,1):
      see declaration of 'std'
  
C:\Program Files\Microsoft Visual Studio\18\Community\VC\Tools\MSVC\14.44.35207\include\cmath(889,1): error C2988: unrecognizable template declaration/definition
  (compiling source file 'Map.cpp')
  
C:\Program Files\Microsoft Visual Studio\18\Community\VC\Tools\MSVC\14.44.35207\include\cmath(889,1): error C2143: syntax error: missing ';' before '<'
  (compiling source file 'Map.cpp')
  
C:\Program Files\Microsoft Visual Studio\18\Community\VC\Tools\MSVC\14.44.35207\include\cmath(889,1): error C2238: unexpected token(s) preceding ';'
  (compiling source file 'Map.cpp')
  
C:\Program Files\Microsoft Visual Studio\18\Community\VC\Tools\MSVC\14.44.35207\include\cmath(889,1): error C2059: syntax error: '<'
  (compiling source file 'Map.cpp')
  
C:\Program Files\Microsoft Visual Studio\18\Community\VC\Tools\MSVC\14.44.35207\include\cmath(889,1): error C2334: unexpected token(s) preceding '{'; skipping apparent function body
  (compiling source file 'Map.cpp')
  
C:\Program Files\Microsoft Visual Studio\18\Community\VC\Tools\MSVC\14.44.35207\include\cmath(890,1): error C2039: '_Common_float_type_t': is not a member of 'std'
  (compiling source file 'Map.cpp')
      C:\Program Files\Microsoft Visual Studio\18\Community\VC\Tools\MSVC\14.44.35207\include\vector(29,1):
      see declaration of 'std'
  
C:\Program Files\Microsoft Visual Studio\18\Community\VC\Tools\MSVC\14.44.35207\include\cmath(890,1): error C2988: unrecognizable template declaration/definition
  (compiling source file 'Map.cpp')
  
C:\Program Files\Microsoft Visual Studio\18\Community\VC\Tools\MSVC\14.44.35207\include\cmath(890,1): error C2143: syntax error: missing ';' before '<'
  (compiling source file 'Map.cpp')
  
C:\Program Files\Microsoft Visual Studio\18\Community\VC\Tools\MSVC\14.44.35207\include\cmath(890,1): error C2238: unexpected token(s) preceding ';'
  (compiling source file 'Map.cpp')
  
C:\Program Files\Microsoft Visual Studio\18\Community\VC\Tools\MSVC\14.44.35207\include\cmath(890,1): error C1003: error count exceeds 100; stopping compilation
  (compiling source file 'Map.cpp')
  
  MedicNPC.cpp
  MoveToTargetState.cpp
  Generating Code...
  Compiling...
  NPC.cpp
D:\Programming\Victors baby\322217175_332294891\example\Graphics\NPC.cpp(174,1): error C2059: syntax error: '<<'
D:\Programming\Victors baby\322217175_332294891\example\Graphics\NPC.cpp(175,38): error C2143: syntax error: missing ';' before '{'
D:\Programming\Victors baby\322217175_332294891\example\Graphics\NPC.cpp(178,14): error C2065: 'i': undeclared identifier
D:\Programming\Victors baby\322217175_332294891\example\Graphics\NPC.cpp(178,26): error C2065: 'j': undeclared identifier
D:\Programming\Victors baby\322217175_332294891\example\Graphics\NPC.cpp(188,69): error C3861: 'footprintOk': identifier not found
D:\Programming\Victors baby\322217175_332294891\example\Graphics\NPC.cpp(196,1): error C2059: syntax error: '=='
  SecurityMap.cpp
  State.cpp
  WarriorNPC.cpp
  Generating Code...
